// Jest Snapshot v1, https://goo.gl/fbAQLP

exports[`Login should render the login page 1`] = `
Object {
  "asFragment": [Function],
  "baseElement": <body>
    <div>
      <div
        class="heading"
      >
        <h1>
          Login
        </h1>
        <hr />
      </div>
      <div
        class="row"
      >
        <div
          class="col-md-4"
        >
          <div
            class="alert alert-primary text-sm"
            role="alert"
          >
            <b
              class="m-2"
            >
              User : 
            </b>
            user@user.com:user123
            <br />
            <b
              class="m-2"
            >
              Admin : 
            </b>
            admin@admin.com:admin123
          </div>
        </div>
      </div>
      <form>
        <div
          class="mb-3"
        >
          <div
            class="form-text"
            id="emailHelp"
          >
            Email
          </div>
          <input
            class="form-control"
            name="email"
            required=""
            type="email"
          />
        </div>
        <div
          class="mb-3"
        >
          <div
            class="form-text"
            id="emailHelp"
          >
            Password
          </div>
          <input
            class="form-control"
            name="password"
            required=""
            type="password"
          />
        </div>
        <button
          class="btn btn-success"
          type="submit"
        >
          Login
        </button>
      </form>
    </div>
  </body>,
  "container": <div>
    <div
      class="heading"
    >
      <h1>
        Login
      </h1>
      <hr />
    </div>
    <div
      class="row"
    >
      <div
        class="col-md-4"
      >
        <div
          class="alert alert-primary text-sm"
          role="alert"
        >
          <b
            class="m-2"
          >
            User : 
          </b>
          user@user.com:user123
          <br />
          <b
            class="m-2"
          >
            Admin : 
          </b>
          admin@admin.com:admin123
        </div>
      </div>
    </div>
    <form>
      <div
        class="mb-3"
      >
        <div
          class="form-text"
          id="emailHelp"
        >
          Email
        </div>
        <input
          class="form-control"
          name="email"
          required=""
          type="email"
        />
      </div>
      <div
        class="mb-3"
      >
        <div
          class="form-text"
          id="emailHelp"
        >
          Password
        </div>
        <input
          class="form-control"
          name="password"
          required=""
          type="password"
        />
      </div>
      <button
        class="btn btn-success"
        type="submit"
      >
        Login
      </button>
    </form>
  </div>,
  "debug": [Function],
  "findAllByAltText": [Function],
  "findAllByDisplayValue": [Function],
  "findAllByLabelText": [Function],
  "findAllByPlaceholderText": [Function],
  "findAllByRole": [Function],
  "findAllByTestId": [Function],
  "findAllByText": [Function],
  "findAllByTitle": [Function],
  "findByAltText": [Function],
  "findByDisplayValue": [Function],
  "findByLabelText": [Function],
  "findByPlaceholderText": [Function],
  "findByRole": [Function],
  "findByTestId": [Function],
  "findByText": [Function],
  "findByTitle": [Function],
  "getAllByAltText": [Function],
  "getAllByDisplayValue": [Function],
  "getAllByLabelText": [Function],
  "getAllByPlaceholderText": [Function],
  "getAllByRole": [Function],
  "getAllByTestId": [Function],
  "getAllByText": [Function],
  "getAllByTitle": [Function],
  "getByAltText": [Function],
  "getByDisplayValue": [Function],
  "getByLabelText": [Function],
  "getByPlaceholderText": [Function],
  "getByRole": [Function],
  "getByTestId": [Function],
  "getByText": [Function],
  "getByTitle": [Function],
  "queryAllByAltText": [Function],
  "queryAllByDisplayValue": [Function],
  "queryAllByLabelText": [Function],
  "queryAllByPlaceholderText": [Function],
  "queryAllByRole": [Function],
  "queryAllByTestId": [Function],
  "queryAllByText": [Function],
  "queryAllByTitle": [Function],
  "queryByAltText": [Function],
  "queryByDisplayValue": [Function],
  "queryByLabelText": [Function],
  "queryByPlaceholderText": [Function],
  "queryByRole": [Function],
  "queryByTestId": [Function],
  "queryByText": [Function],
  "queryByTitle": [Function],
  "rerender": [Function],
  "unmount": [Function],
}
`;
