// Jest Snapshot v1, https://goo.gl/fbAQLP

exports[`Register should render the Register page 1`] = `
Object {
  "asFragment": [Function],
  "baseElement": <body>
    <div>
      <div
        class="heading"
      >
        <h1>
          Sign Up
        </h1>
        <hr />
      </div>
      <div
        class="form-container"
      >
        <form>
          <div
            class="form-group"
          >
            First Name
            <input
              class="form-control mb-2"
              id="first_name"
              required=""
              type="text"
            />
          </div>
          <div
            class="form-group"
          >
            Last Name
            <input
              class="form-control mb-2"
              id="last_name"
              required=""
              type="text"
            />
          </div>
          <div
            class="form-group"
          >
            Email
            <input
              class="form-control mb-2"
              id="email"
              required=""
              type="email"
            />
          </div>
          <div
            class="form-group"
          >
            Password
            <input
              class="form-control mb-2"
              id="password"
              required=""
              type="password"
            />
          </div>
          <div
            class="form-group"
          >
            Password Confirmation
            <input
              class="form-control mb-2"
              id="password_confirmation"
              required=""
              type="password"
            />
          </div>
          <div
            class="submit-btn mt-4"
          >
            <button
              class="btn btn-primary"
              type="submit"
            >
              Signup
            </button>
          </div>
        </form>
      </div>
      <div>
        <p
          class="mt-2"
        >
          Already have an account?
          <a
            class="ml-1"
            href="/login"
          >
            Login
          </a>
        </p>
      </div>
    </div>
  </body>,
  "container": <div>
    <div
      class="heading"
    >
      <h1>
        Sign Up
      </h1>
      <hr />
    </div>
    <div
      class="form-container"
    >
      <form>
        <div
          class="form-group"
        >
          First Name
          <input
            class="form-control mb-2"
            id="first_name"
            required=""
            type="text"
          />
        </div>
        <div
          class="form-group"
        >
          Last Name
          <input
            class="form-control mb-2"
            id="last_name"
            required=""
            type="text"
          />
        </div>
        <div
          class="form-group"
        >
          Email
          <input
            class="form-control mb-2"
            id="email"
            required=""
            type="email"
          />
        </div>
        <div
          class="form-group"
        >
          Password
          <input
            class="form-control mb-2"
            id="password"
            required=""
            type="password"
          />
        </div>
        <div
          class="form-group"
        >
          Password Confirmation
          <input
            class="form-control mb-2"
            id="password_confirmation"
            required=""
            type="password"
          />
        </div>
        <div
          class="submit-btn mt-4"
        >
          <button
            class="btn btn-primary"
            type="submit"
          >
            Signup
          </button>
        </div>
      </form>
    </div>
    <div>
      <p
        class="mt-2"
      >
        Already have an account?
        <a
          class="ml-1"
          href="/login"
        >
          Login
        </a>
      </p>
    </div>
  </div>,
  "debug": [Function],
  "findAllByAltText": [Function],
  "findAllByDisplayValue": [Function],
  "findAllByLabelText": [Function],
  "findAllByPlaceholderText": [Function],
  "findAllByRole": [Function],
  "findAllByTestId": [Function],
  "findAllByText": [Function],
  "findAllByTitle": [Function],
  "findByAltText": [Function],
  "findByDisplayValue": [Function],
  "findByLabelText": [Function],
  "findByPlaceholderText": [Function],
  "findByRole": [Function],
  "findByTestId": [Function],
  "findByText": [Function],
  "findByTitle": [Function],
  "getAllByAltText": [Function],
  "getAllByDisplayValue": [Function],
  "getAllByLabelText": [Function],
  "getAllByPlaceholderText": [Function],
  "getAllByRole": [Function],
  "getAllByTestId": [Function],
  "getAllByText": [Function],
  "getAllByTitle": [Function],
  "getByAltText": [Function],
  "getByDisplayValue": [Function],
  "getByLabelText": [Function],
  "getByPlaceholderText": [Function],
  "getByRole": [Function],
  "getByTestId": [Function],
  "getByText": [Function],
  "getByTitle": [Function],
  "queryAllByAltText": [Function],
  "queryAllByDisplayValue": [Function],
  "queryAllByLabelText": [Function],
  "queryAllByPlaceholderText": [Function],
  "queryAllByRole": [Function],
  "queryAllByTestId": [Function],
  "queryAllByText": [Function],
  "queryAllByTitle": [Function],
  "queryByAltText": [Function],
  "queryByDisplayValue": [Function],
  "queryByLabelText": [Function],
  "queryByPlaceholderText": [Function],
  "queryByRole": [Function],
  "queryByTestId": [Function],
  "queryByText": [Function],
  "queryByTitle": [Function],
  "rerender": [Function],
  "unmount": [Function],
}
`;
