// Jest Snapshot v1, https://goo.gl/fbAQLP

exports[`Login should render the login page 1`] = `
Object {
  "asFragment": [Function],
  "baseElement": <body>
    <div>
      <section
        class="vh-75 mt-5 fade_in"
      >
        <div
          class="container py-5 mt-5 h-100"
        >
          <div
            class="row d-flex align-items-center justify-content-center h-100 mt-5"
          >
            <div
              class="col-md-12 col-lg-12 col-xl-12 mt-5"
            >
              <div
                class="card_bg card text-white mt-md-5"
              >
                <div
                  class="card-body"
                >
                  <figure
                    class="text-center text-sm"
                  >
                    <blockquote
                      class="blockquote text-center"
                    >
                      <h3
                        class="display-4"
                      >
                        Choose a date
                      </h3>
                    </blockquote>
                    <figcaption
                      class="blockquote-footer text-white"
                    >
                      <cite
                        class="text-white"
                      >
                        Choose a date to see available halls
                      </cite>
                    </figcaption>
                  </figure>
                  <form
                    class="flex-nowrap d-flex justify-content-center align-items-center flex-column "
                  >
                    <p
                      class="text-danger mb-1 "
                    />
                    <input
                      class="form-control "
                      required=""
                      type="date"
                    />
                    <button
                      class="btn btn-dark mt-3"
                      type="submit"
                    >
                      Next
                    </button>
                  </form>
                </div>
              </div>
            </div>
          </div>
        </div>
      </section>
    </div>
  </body>,
  "container": <div>
    <section
      class="vh-75 mt-5 fade_in"
    >
      <div
        class="container py-5 mt-5 h-100"
      >
        <div
          class="row d-flex align-items-center justify-content-center h-100 mt-5"
        >
          <div
            class="col-md-12 col-lg-12 col-xl-12 mt-5"
          >
            <div
              class="card_bg card text-white mt-md-5"
            >
              <div
                class="card-body"
              >
                <figure
                  class="text-center text-sm"
                >
                  <blockquote
                    class="blockquote text-center"
                  >
                    <h3
                      class="display-4"
                    >
                      Choose a date
                    </h3>
                  </blockquote>
                  <figcaption
                    class="blockquote-footer text-white"
                  >
                    <cite
                      class="text-white"
                    >
                      Choose a date to see available halls
                    </cite>
                  </figcaption>
                </figure>
                <form
                  class="flex-nowrap d-flex justify-content-center align-items-center flex-column "
                >
                  <p
                    class="text-danger mb-1 "
                  />
                  <input
                    class="form-control "
                    required=""
                    type="date"
                  />
                  <button
                    class="btn btn-dark mt-3"
                    type="submit"
                  >
                    Next
                  </button>
                </form>
              </div>
            </div>
          </div>
        </div>
      </div>
    </section>
  </div>,
  "debug": [Function],
  "findAllByAltText": [Function],
  "findAllByDisplayValue": [Function],
  "findAllByLabelText": [Function],
  "findAllByPlaceholderText": [Function],
  "findAllByRole": [Function],
  "findAllByTestId": [Function],
  "findAllByText": [Function],
  "findAllByTitle": [Function],
  "findByAltText": [Function],
  "findByDisplayValue": [Function],
  "findByLabelText": [Function],
  "findByPlaceholderText": [Function],
  "findByRole": [Function],
  "findByTestId": [Function],
  "findByText": [Function],
  "findByTitle": [Function],
  "getAllByAltText": [Function],
  "getAllByDisplayValue": [Function],
  "getAllByLabelText": [Function],
  "getAllByPlaceholderText": [Function],
  "getAllByRole": [Function],
  "getAllByTestId": [Function],
  "getAllByText": [Function],
  "getAllByTitle": [Function],
  "getByAltText": [Function],
  "getByDisplayValue": [Function],
  "getByLabelText": [Function],
  "getByPlaceholderText": [Function],
  "getByRole": [Function],
  "getByTestId": [Function],
  "getByText": [Function],
  "getByTitle": [Function],
  "queryAllByAltText": [Function],
  "queryAllByDisplayValue": [Function],
  "queryAllByLabelText": [Function],
  "queryAllByPlaceholderText": [Function],
  "queryAllByRole": [Function],
  "queryAllByTestId": [Function],
  "queryAllByText": [Function],
  "queryAllByTitle": [Function],
  "queryByAltText": [Function],
  "queryByDisplayValue": [Function],
  "queryByLabelText": [Function],
  "queryByPlaceholderText": [Function],
  "queryByRole": [Function],
  "queryByTestId": [Function],
  "queryByText": [Function],
  "queryByTitle": [Function],
  "rerender": [Function],
  "unmount": [Function],
}
`;
